current directory: /Users/macbookpro/Documents/GitHub/Groceryapp/vendor/bundle/ruby/3.2.0/gems/json-2.10.2/ext/json/ext/parser
/Users/macbookpro/.rbenv/versions/3.2.7/bin/ruby extconf.rb
checking for rb_enc_interned_str() in ruby.h... yes
checking for rb_hash_new_capa() in ruby.h... yes
checking for rb_hash_bulk_insert() in ruby.h... yes
checking for rb_category_warn() in ruby.h... yes
checking for strnlen() in string.h... yes
checking for whether -std=c99 is accepted as CFLAGS... yes
creating Makefile

current directory: /Users/macbookpro/Documents/GitHub/Groceryapp/vendor/bundle/ruby/3.2.0/gems/json-2.10.2/ext/json/ext/parser
make DESTDIR\= sitearchdir\=./.gem.20250423-31295-pvtmqe sitelibdir\=./.gem.20250423-31295-pvtmqe clean

current directory: /Users/macbookpro/Documents/GitHub/Groceryapp/vendor/bundle/ruby/3.2.0/gems/json-2.10.2/ext/json/ext/parser
make DESTDIR\= sitearchdir\=./.gem.20250423-31295-pvtmqe sitelibdir\=./.gem.20250423-31295-pvtmqe
compiling parser.c
linking shared-object json/ext/parser.bundle
ld: warning: ignoring duplicate libraries: '-lruby.3.2'

current directory: /Users/macbookpro/Documents/GitHub/Groceryapp/vendor/bundle/ruby/3.2.0/gems/json-2.10.2/ext/json/ext/parser
make DESTDIR\= sitearchdir\=./.gem.20250423-31295-pvtmqe sitelibdir\=./.gem.20250423-31295-pvtmqe install
/usr/bin/install -c -m 0755 parser.bundle ./.gem.20250423-31295-pvtmqe/json/ext

current directory: /Users/macbookpro/Documents/GitHub/Groceryapp/vendor/bundle/ruby/3.2.0/gems/json-2.10.2/ext/json/ext/parser
make DESTDIR\= sitearchdir\=./.gem.20250423-31295-pvtmqe sitelibdir\=./.gem.20250423-31295-pvtmqe clean
